Copyright 1986-2022 Xilinx, Inc. All Rights Reserved. Copyright 2022-2025 Advanced Micro Devices, Inc. All Rights Reserved.
---------------------------------------------------------------------------------------------------------------------------------------------
| Tool Version : Vivado v.2025.2 (win64) Build 6299465 Fri Nov 14 19:35:11 GMT 2025
| Date         : Tue Oct  6 16:11:44 2026
| Host         : DESKTOP-MCAH50K running 64-bit major release  (build 9200)
| Command      : report_utilization -file D:/ClaudePrj/AD9361/OFDM_JSCC_PS_RX/deploy/util.rpt
| Design       : jscc_rx_ps_top
| Device       : xczu5eg-sfvc784-2-e
| Speed File   : -2
| Design State : Routed
---------------------------------------------------------------------------------------------------------------------------------------------

Utilization Design Information

Table of Contents
-----------------
1. CLB Logic
1.1 Summary of Registers by Type
2. CLB Logic Distribution
3. BLOCKRAM
4. ARITHMETIC
5. I/O
6. CLOCK
7. ADVANCED
8. CONFIGURATION
9. Primitives
10. Black Boxes
11. Instantiated Netlists

1. CLB Logic
------------

+----------------------------+-------+-------+------------+-----------+-------+
|          Site Type         |  Used | Fixed | Prohibited | Available | Util% |
+----------------------------+-------+-------+------------+-----------+-------+
| CLB LUTs                   | 70768 |     0 |          0 |    117120 | 60.42 |
|   LUT as Logic             | 64958 |     0 |          0 |    117120 | 55.46 |
|   LUT as Memory            |  5810 |     0 |          0 |     57600 | 10.09 |
|     LUT as Distributed RAM |  3856 |     0 |            |           |       |
|     LUT as Shift Register  |  1954 |     0 |            |           |       |
| CLB Registers              | 76845 |     0 |          0 |    234240 | 32.81 |
|   Register as Flip Flop    | 76845 |     0 |          0 |    234240 | 32.81 |
|   Register as Latch        |     0 |     0 |          0 |    234240 |  0.00 |
| CARRY8                     |  3681 |     0 |          0 |     14640 | 25.14 |
| F7 Muxes                   |  1515 |     0 |          0 |     58560 |  2.59 |
| F8 Muxes                   |   222 |     0 |          0 |     29280 |  0.76 |
| F9 Muxes                   |     0 |     0 |          0 |     14640 |  0.00 |
| Unique Control Sets        |  3401 |       |          0 |     29280 | 11.62 |
+----------------------------+-------+-------+------------+-----------+-------+
* Warning! LUT value is adjusted to account for LUT combining.
** Note: Available Control Sets calculated as Slices * 2, Review the Control Sets Report for more information regarding control sets.


1.1 Summary of Registers by Type
--------------------------------

+-------+--------------+-------------+--------------+
| Total | Clock Enable | Synchronous | Asynchronous |
+-------+--------------+-------------+--------------+
| 0     |            _ |           - |            - |
| 0     |            _ |           - |          Set |
| 0     |            _ |           - |        Reset |
| 0     |            _ |         Set |            - |
| 0     |            _ |       Reset |            - |
| 0     |          Yes |           - |            - |
| 861   |          Yes |           - |          Set |
| 27644 |          Yes |           - |        Reset |
| 2726  |          Yes |         Set |            - |
| 45614 |          Yes |       Reset |            - |
+-------+--------------+-------------+--------------+


2. CLB Logic Distribution
-------------------------

+--------------------------------------------+-------+-------+------------+-----------+-------+
|                  Site Type                 |  Used | Fixed | Prohibited | Available | Util% |
+--------------------------------------------+-------+-------+------------+-----------+-------+
| CLB                                        | 13411 |     0 |          0 |     14640 | 91.61 |
|   CLBL                                     |  6855 |     0 |            |           |       |
|   CLBM                                     |  6556 |     0 |            |           |       |
| LUT as Logic                               | 64958 |     0 |          0 |    117120 | 55.46 |
|   using O5 output only                     |  2623 |       |            |           |       |
|   using O6 output only                     | 45679 |       |            |           |       |
|   using O5 and O6                          | 16656 |       |            |           |       |
| LUT as Memory                              |  5810 |     0 |          0 |     57600 | 10.09 |
|   LUT as Distributed RAM                   |  3856 |     0 |            |           |       |
|     using O5 output only                   |     0 |       |            |           |       |
|     using O6 output only                   |   848 |       |            |           |       |
|     using O5 and O6                        |  3008 |       |            |           |       |
|   LUT as Shift Register                    |  1954 |     0 |            |           |       |
|     using O5 output only                   |     0 |       |            |           |       |
|     using O6 output only                   |   998 |       |            |           |       |
|     using O5 and O6                        |   956 |       |            |           |       |
| CLB Registers                              | 76845 |     0 |          0 |    234240 | 32.81 |
|   Register driven from within the CLB      | 48940 |       |            |           |       |
|   Register driven from outside the CLB     | 27905 |       |            |           |       |
|     LUT in front of the register is unused | 18496 |       |            |           |       |
|     LUT in front of the register is used   |  9409 |       |            |           |       |
+--------------------------------------------+-------+-------+------------+-----------+-------+


3. BLOCKRAM
-----------

+-------------------+-------+-------+------------+-----------+-------+
|     Site Type     |  Used | Fixed | Prohibited | Available | Util% |
+-------------------+-------+-------+------------+-----------+-------+
| Block RAM Tile    | 123.5 |     0 |          0 |       144 | 85.76 |
|   RAMB36/FIFO*    |    84 |     0 |          0 |       144 | 58.33 |
|     RAMB36E2 only |    84 |       |            |           |       |
|   RAMB18          |    79 |     0 |          0 |       288 | 27.43 |
|     RAMB18E2 only |    79 |       |            |           |       |
| URAM              |    25 |     0 |          0 |        64 | 39.06 |
+-------------------+-------+-------+------------+-----------+-------+
* Note: Each Block RAM Tile only has one FIFO logic available and therefore can accommodate only one FIFO36E2 or one FIFO18E2. However, if a FIFO18E2 occupies a Block RAM Tile, that tile can still accommodate a RAMB18E2


4. ARITHMETIC
-------------

+----------------+------+-------+------------+-----------+-------+
|    Site Type   | Used | Fixed | Prohibited | Available | Util% |
+----------------+------+-------+------------+-----------+-------+
| DSPs           |  394 |     0 |          0 |      1248 | 31.57 |
|   DSP48E2 only |  394 |       |            |           |       |
+----------------+------+-------+------------+-----------+-------+


5. I/O
------

+------------------+------+-------+------------+-----------+-------+
|     Site Type    | Used | Fixed | Prohibited | Available | Util% |
+------------------+------+-------+------------+-----------+-------+
| Bonded IOB       |   57 |    57 |          0 |       252 | 22.62 |
|   HPIOB_M        |   29 |    29 |          0 |        72 | 40.28 |
|     INPUT        |   13 |       |            |           |       |
|     OUTPUT       |   16 |       |            |           |       |
|     BIDIR        |    0 |       |            |           |       |
|   HPIOB_S        |   27 |    27 |          0 |        72 | 37.50 |
|     INPUT        |   14 |       |            |           |       |
|     OUTPUT       |   13 |       |            |           |       |
|     BIDIR        |    0 |       |            |           |       |
|   HDIOB_M        |    1 |     1 |          0 |        48 |  2.08 |
|     INPUT        |    1 |       |            |           |       |
|     OUTPUT       |    0 |       |            |           |       |
|     BIDIR        |    0 |       |            |           |       |
|   HDIOB_S        |    0 |     0 |          0 |        48 |  0.00 |
|   HPIOB_SNGL     |    0 |     0 |          0 |        12 |  0.00 |
| HPIOBDIFFINBUF   |    9 |     9 |          0 |        96 |  9.38 |
|   DIFFINBUF      |    9 |     9 |            |           |       |
| HPIOBDIFFOUTBUF  |    8 |     8 |          0 |        96 |  8.33 |
|   OBUFDS         |    8 |     8 |            |           |       |
| HDIOBDIFFINBUF   |    0 |     0 |          0 |        48 |  0.00 |
| BITSLICE_CONTROL |    0 |     0 |          0 |        32 |  0.00 |
| BITSLICE_RX_TX   |   15 |    15 |          0 |      1248 |  1.20 |
|   OSERDES        |    8 |     8 |            |           |       |
|   IDDR           |    7 |     7 |            |           |       |
| BITSLICE_TX      |    0 |     0 |          0 |        32 |  0.00 |
| RIU_OR           |    0 |     0 |          0 |        16 |  0.00 |
+------------------+------+-------+------------+-----------+-------+


6. CLOCK
--------

+------------+------+-------+------------+-----------+-------+
|  Site Type | Used | Fixed | Prohibited | Available | Util% |
+------------+------+-------+------------+-----------+-------+
| BUFGCE     |   12 |     0 |          0 |       112 | 10.71 |
| BUFGCE_DIV |    0 |     0 |          0 |        16 |  0.00 |
| BUFG_GT    |    0 |     0 |          0 |        96 |  0.00 |
| BUFG_PS    |    0 |     0 |          0 |        96 |  0.00 |
| BUFGCTRL*  |    0 |     0 |          0 |        32 |  0.00 |
| PLL        |    0 |     0 |          0 |         8 |  0.00 |
| MMCM       |    1 |     0 |          0 |         4 | 25.00 |
+------------+------+-------+------------+-----------+-------+
* Note: Each used BUFGCTRL counts as two GLOBAL CLOCK BUFFERs. This table does not include global clocking resources, only buffer cell usage. See the Clock Utilization Report (report_clock_utilization) for detailed accounting of global clocking resource availability.


7. ADVANCED
-----------

+-----------------+------+-------+------------+-----------+--------+
|    Site Type    | Used | Fixed | Prohibited | Available |  Util% |
+-----------------+------+-------+------------+-----------+--------+
| GTHE4_CHANNEL   |    0 |     0 |          0 |         4 |   0.00 |
| GTHE4_COMMON    |    0 |     0 |          0 |         1 |   0.00 |
| OBUFDS_GTE4     |    0 |     0 |          0 |         2 |   0.00 |
| OBUFDS_GTE4_ADV |    0 |     0 |          0 |         2 |   0.00 |
| PCIE40E4        |    0 |     0 |          0 |         2 |   0.00 |
| PS8             |    1 |     0 |          0 |         1 | 100.00 |
| SYSMONE4        |    0 |     0 |          0 |         1 |   0.00 |
+-----------------+------+-------+------------+-----------+--------+


8. CONFIGURATION
----------------

+-------------+------+-------+------------+-----------+-------+
|  Site Type  | Used | Fixed | Prohibited | Available | Util% |
+-------------+------+-------+------------+-----------+-------+
| BSCANE2     |    1 |     0 |          0 |         4 | 25.00 |
| DNA_PORTE2  |    0 |     0 |          0 |         1 |  0.00 |
| EFUSE_USR   |    0 |     0 |          0 |         1 |  0.00 |
| FRAME_ECCE4 |    0 |     0 |          0 |         1 |  0.00 |
| ICAPE3      |    0 |     0 |          0 |         2 |  0.00 |
| MASTER_JTAG |    0 |     0 |          0 |         1 |  0.00 |
| STARTUPE3   |    0 |     0 |          0 |         1 |  0.00 |
+-------------+------+-------+------------+-----------+-------+


9. Primitives
-------------

+------------+-------+---------------------+
|  Ref Name  |  Used | Functional Category |
+------------+-------+---------------------+
| FDRE       | 45614 |            Register |
| FDCE       | 27644 |            Register |
| LUT6       | 21548 |                 CLB |
| LUT2       | 16412 |                 CLB |
| LUT3       | 14027 |                 CLB |
| LUT4       | 12509 |                 CLB |
| LUT5       | 12368 |                 CLB |
| RAMD32     |  5258 |                 CLB |
| LUT1       |  4750 |                 CLB |
| CARRY8     |  3681 |                 CLB |
| SRL16E     |  2787 |                 CLB |
| FDSE       |  2726 |            Register |
| MUXF7      |  1515 |                 CLB |
| FDPE       |   861 |            Register |
| RAMD64E    |   784 |                 CLB |
| RAMS32     |   766 |                 CLB |
| DSP48E2    |   394 |          Arithmetic |
| MUXF8      |   222 |                 CLB |
| SRLC32E    |   123 |                 CLB |
| RAMB36E2   |    84 |            BLOCKRAM |
| RAMB18E2   |    79 |            BLOCKRAM |
| RAMS64E    |    56 |                 CLB |
| URAM288    |    25 |            BLOCKRAM |
| IBUFCTRL   |    19 |              Others |
| OBUF       |    13 |                 I/O |
| BUFGCE     |    12 |               Clock |
| INBUF      |    10 |                 I/O |
| DIFFINBUF  |     9 |                 I/O |
| OSERDESE3  |     8 |                 I/O |
| OBUFDS     |     8 |                 I/O |
| IDDRE1     |     7 |            Register |
| PS8        |     1 |            Advanced |
| MMCME4_ADV |     1 |               Clock |
| BSCANE2    |     1 |       Configuration |
+------------+-------+---------------------+


10. Black Boxes
---------------

+----------+------+
| Ref Name | Used |
+----------+------+


11. Instantiated Netlists
-------------------------

+------------------+------+
|     Ref Name     | Used |
+------------------+------+
| div_block        |    4 |
| xcorr_cplx_block |    3 |
| fifo_async       |    2 |
| viterbi          |    1 |
| vio_spi          |    1 |
| ps_rx_sc_mem_0   |    1 |
| ps_rx_sc_ctl_0   |    1 |
| ps_rx_ps_e_0_0   |    1 |
| ps_rx_img_dma_0  |    1 |
| ps_rx_cap_fifo_0 |    1 |
| ps_rx_cap_dma_0  |    1 |
| fft              |    1 |
| dds_freq_correct |    1 |
| dbg_hub          |    1 |
| cordic_sin_cos   |    1 |
| cordic_block     |    1 |
| clk_gen          |    1 |
+------------------+------+


