Copyright 1986-2022 Xilinx, Inc. All Rights Reserved. Copyright 2022-2025 Advanced Micro Devices, Inc. All Rights Reserved.
---------------------------------------------------------------------------------------------------------------------------------------------
| Tool Version : Vivado v.2025.2 (win64) Build 6299465 Fri Nov 14 19:35:11 GMT 2025
| Date         : Mon Oct  5 16:48:31 2026
| Host         : DESKTOP-MCAH50K running 64-bit major release  (build 9200)
| Command      : report_utilization -file D:/ClaudePrj/AD9361/OFDM_JSCC_PS_TX/deploy/util.rpt
| Design       : jscc_tx_ps_top
| Device       : xczu5eg-sfvc784-2-e
| Speed File   : -2
| Design State : Routed
---------------------------------------------------------------------------------------------------------------------------------------------

Utilization Design Information

Table of Contents
-----------------
1. CLB Logic
1.1 Summary of Registers by Type
2. CLB Logic Distribution
3. BLOCKRAM
4. ARITHMETIC
5. I/O
6. CLOCK
7. ADVANCED
8. CONFIGURATION
9. Primitives
10. Black Boxes
11. Instantiated Netlists

1. CLB Logic
------------

+----------------------------+-------+-------+------------+-----------+-------+
|          Site Type         |  Used | Fixed | Prohibited | Available | Util% |
+----------------------------+-------+-------+------------+-----------+-------+
| CLB LUTs                   | 52666 |     0 |          0 |    117120 | 44.97 |
|   LUT as Logic             | 49076 |     0 |          0 |    117120 | 41.90 |
|   LUT as Memory            |  3590 |     0 |          0 |     57600 |  6.23 |
|     LUT as Distributed RAM |  2462 |     0 |            |           |       |
|     LUT as Shift Register  |  1128 |     0 |            |           |       |
| CLB Registers              | 53335 |     0 |          0 |    234240 | 22.77 |
|   Register as Flip Flop    | 53335 |     0 |          0 |    234240 | 22.77 |
|   Register as Latch        |     0 |     0 |          0 |    234240 |  0.00 |
| CARRY8                     |  2972 |     0 |          0 |     14640 | 20.30 |
| F7 Muxes                   |  1454 |     0 |          0 |     58560 |  2.48 |
| F8 Muxes                   |   197 |     0 |          0 |     29280 |  0.67 |
| F9 Muxes                   |     0 |     0 |          0 |     14640 |  0.00 |
| Unique Control Sets        |  3018 |       |          0 |     29280 | 10.31 |
+----------------------------+-------+-------+------------+-----------+-------+
* Warning! LUT value is adjusted to account for LUT combining.
** Note: Available Control Sets calculated as Slices * 2, Review the Control Sets Report for more information regarding control sets.


1.1 Summary of Registers by Type
--------------------------------

+-------+--------------+-------------+--------------+
| Total | Clock Enable | Synchronous | Asynchronous |
+-------+--------------+-------------+--------------+
| 0     |            _ |           - |            - |
| 0     |            _ |           - |          Set |
| 0     |            _ |           - |        Reset |
| 0     |            _ |         Set |            - |
| 0     |            _ |       Reset |            - |
| 0     |          Yes |           - |            - |
| 792   |          Yes |           - |          Set |
| 24042 |          Yes |           - |        Reset |
| 1506  |          Yes |         Set |            - |
| 26995 |          Yes |       Reset |            - |
+-------+--------------+-------------+--------------+


2. CLB Logic Distribution
-------------------------

+--------------------------------------------+-------+-------+------------+-----------+-------+
|                  Site Type                 |  Used | Fixed | Prohibited | Available | Util% |
+--------------------------------------------+-------+-------+------------+-----------+-------+
| CLB                                        |  9942 |     0 |          0 |     14640 | 67.91 |
|   CLBL                                     |  5239 |     0 |            |           |       |
|   CLBM                                     |  4703 |     0 |            |           |       |
| LUT as Logic                               | 49076 |     0 |          0 |    117120 | 41.90 |
|   using O5 output only                     |  1952 |       |            |           |       |
|   using O6 output only                     | 34041 |       |            |           |       |
|   using O5 and O6                          | 13083 |       |            |           |       |
| LUT as Memory                              |  3590 |     0 |          0 |     57600 |  6.23 |
|   LUT as Distributed RAM                   |  2462 |     0 |            |           |       |
|     using O5 output only                   |     0 |       |            |           |       |
|     using O6 output only                   |   280 |       |            |           |       |
|     using O5 and O6                        |  2182 |       |            |           |       |
|   LUT as Shift Register                    |  1128 |     0 |            |           |       |
|     using O5 output only                   |     0 |       |            |           |       |
|     using O6 output only                   |   553 |       |            |           |       |
|     using O5 and O6                        |   575 |       |            |           |       |
| CLB Registers                              | 53335 |     0 |          0 |    234240 | 22.77 |
|   Register driven from within the CLB      | 34053 |       |            |           |       |
|   Register driven from outside the CLB     | 19282 |       |            |           |       |
|     LUT in front of the register is unused | 12457 |       |            |           |       |
|     LUT in front of the register is used   |  6825 |       |            |           |       |
+--------------------------------------------+-------+-------+------------+-----------+-------+


3. BLOCKRAM
-----------

+-------------------+-------+-------+------------+-----------+-------+
|     Site Type     |  Used | Fixed | Prohibited | Available | Util% |
+-------------------+-------+-------+------------+-----------+-------+
| Block RAM Tile    | 104.5 |     0 |          0 |       144 | 72.57 |
|   RAMB36/FIFO*    |    69 |     0 |          0 |       144 | 47.92 |
|     RAMB36E2 only |    69 |       |            |           |       |
|   RAMB18          |    71 |     0 |          0 |       288 | 24.65 |
|     RAMB18E2 only |    71 |       |            |           |       |
| URAM              |    10 |     0 |          0 |        64 | 15.63 |
+-------------------+-------+-------+------------+-----------+-------+
* Note: Each Block RAM Tile only has one FIFO logic available and therefore can accommodate only one FIFO36E2 or one FIFO18E2. However, if a FIFO18E2 occupies a Block RAM Tile, that tile can still accommodate a RAMB18E2


4. ARITHMETIC
-------------

+----------------+------+-------+------------+-----------+-------+
|    Site Type   | Used | Fixed | Prohibited | Available | Util% |
+----------------+------+-------+------------+-----------+-------+
| DSPs           |  243 |     0 |          0 |      1248 | 19.47 |
|   DSP48E2 only |  243 |       |            |           |       |
+----------------+------+-------+------------+-----------+-------+


5. I/O
------

+------------------+------+-------+------------+-----------+-------+
|     Site Type    | Used | Fixed | Prohibited | Available | Util% |
+------------------+------+-------+------------+-----------+-------+
| Bonded IOB       |   37 |    37 |          0 |       252 | 14.68 |
|   HPIOB_M        |   19 |    19 |          0 |        72 | 26.39 |
|     INPUT        |    3 |       |            |           |       |
|     OUTPUT       |   16 |       |            |           |       |
|     BIDIR        |    0 |       |            |           |       |
|   HPIOB_S        |   17 |    17 |          0 |        72 | 23.61 |
|     INPUT        |    4 |       |            |           |       |
|     OUTPUT       |   13 |       |            |           |       |
|     BIDIR        |    0 |       |            |           |       |
|   HDIOB_M        |    1 |     1 |          0 |        48 |  2.08 |
|     INPUT        |    1 |       |            |           |       |
|     OUTPUT       |    0 |       |            |           |       |
|     BIDIR        |    0 |       |            |           |       |
|   HDIOB_S        |    0 |     0 |          0 |        48 |  0.00 |
|   HPIOB_SNGL     |    0 |     0 |          0 |        12 |  0.00 |
| HPIOBDIFFINBUF   |    3 |     3 |          0 |        96 |  3.13 |
|   DIFFINBUF      |    3 |     3 |            |           |       |
| HPIOBDIFFOUTBUF  |    8 |     8 |          0 |        96 |  8.33 |
|   OBUFDS         |    8 |     8 |            |           |       |
| HDIOBDIFFINBUF   |    0 |     0 |          0 |        48 |  0.00 |
| BITSLICE_CONTROL |    0 |     0 |          0 |        32 |  0.00 |
| BITSLICE_RX_TX   |    9 |     9 |          0 |      1248 |  0.72 |
|   OSERDES        |    8 |     8 |            |           |       |
|   IDDR           |    1 |     1 |            |           |       |
| BITSLICE_TX      |    0 |     0 |          0 |        32 |  0.00 |
| RIU_OR           |    0 |     0 |          0 |        16 |  0.00 |
+------------------+------+-------+------------+-----------+-------+


6. CLOCK
--------

+------------+------+-------+------------+-----------+-------+
|  Site Type | Used | Fixed | Prohibited | Available | Util% |
+------------+------+-------+------------+-----------+-------+
| BUFGCE     |    7 |     0 |          0 |       112 |  6.25 |
| BUFGCE_DIV |    0 |     0 |          0 |        16 |  0.00 |
| BUFG_GT    |    0 |     0 |          0 |        96 |  0.00 |
| BUFG_PS    |    0 |     0 |          0 |        96 |  0.00 |
| BUFGCTRL*  |    0 |     0 |          0 |        32 |  0.00 |
| PLL        |    0 |     0 |          0 |         8 |  0.00 |
| MMCM       |    1 |     0 |          0 |         4 | 25.00 |
+------------+------+-------+------------+-----------+-------+
* Note: Each used BUFGCTRL counts as two GLOBAL CLOCK BUFFERs. This table does not include global clocking resources, only buffer cell usage. See the Clock Utilization Report (report_clock_utilization) for detailed accounting of global clocking resource availability.


7. ADVANCED
-----------

+-----------------+------+-------+------------+-----------+--------+
|    Site Type    | Used | Fixed | Prohibited | Available |  Util% |
+-----------------+------+-------+------------+-----------+--------+
| GTHE4_CHANNEL   |    0 |     0 |          0 |         4 |   0.00 |
| GTHE4_COMMON    |    0 |     0 |          0 |         1 |   0.00 |
| OBUFDS_GTE4     |    0 |     0 |          0 |         2 |   0.00 |
| OBUFDS_GTE4_ADV |    0 |     0 |          0 |         2 |   0.00 |
| PCIE40E4        |    0 |     0 |          0 |         2 |   0.00 |
| PS8             |    1 |     0 |          0 |         1 | 100.00 |
| SYSMONE4        |    0 |     0 |          0 |         1 |   0.00 |
+-----------------+------+-------+------------+-----------+--------+


8. CONFIGURATION
----------------

+-------------+------+-------+------------+-----------+-------+
|  Site Type  | Used | Fixed | Prohibited | Available | Util% |
+-------------+------+-------+------------+-----------+-------+
| BSCANE2     |    1 |     0 |          0 |         4 | 25.00 |
| DNA_PORTE2  |    0 |     0 |          0 |         1 |  0.00 |
| EFUSE_USR   |    0 |     0 |          0 |         1 |  0.00 |
| FRAME_ECCE4 |    0 |     0 |          0 |         1 |  0.00 |
| ICAPE3      |    0 |     0 |          0 |         2 |  0.00 |
| MASTER_JTAG |    0 |     0 |          0 |         1 |  0.00 |
| STARTUPE3   |    0 |     0 |          0 |         1 |  0.00 |
+-------------+------+-------+------------+-----------+-------+


9. Primitives
-------------

+------------+-------+---------------------+
|  Ref Name  |  Used | Functional Category |
+------------+-------+---------------------+
| FDRE       | 26995 |            Register |
| FDCE       | 24042 |            Register |
| LUT6       | 17461 |                 CLB |
| LUT2       | 12755 |                 CLB |
| LUT4       | 10537 |                 CLB |
| LUT3       |  9044 |                 CLB |
| LUT5       |  8479 |                 CLB |
| LUT1       |  3883 |                 CLB |
| RAMD32     |  3812 |                 CLB |
| CARRY8     |  2972 |                 CLB |
| SRL16E     |  1651 |                 CLB |
| FDSE       |  1506 |            Register |
| MUXF7      |  1454 |                 CLB |
| FDPE       |   792 |            Register |
| RAMS32     |   552 |                 CLB |
| RAMD64E    |   280 |                 CLB |
| DSP48E2    |   243 |          Arithmetic |
| MUXF8      |   197 |                 CLB |
| RAMB18E2   |    71 |            BLOCKRAM |
| RAMB36E2   |    69 |            BLOCKRAM |
| SRLC32E    |    52 |                 CLB |
| OBUF       |    13 |                 I/O |
| URAM288    |    10 |            BLOCKRAM |
| OSERDESE3  |     8 |                 I/O |
| OBUFDS     |     8 |                 I/O |
| BUFGCE     |     7 |               Clock |
| IBUFCTRL   |     5 |              Others |
| DIFFINBUF  |     3 |                 I/O |
| INBUF      |     2 |                 I/O |
| PS8        |     1 |            Advanced |
| MMCME4_ADV |     1 |               Clock |
| IDDRE1     |     1 |            Register |
| BSCANE2    |     1 |       Configuration |
+------------+-------+---------------------+


10. Black Boxes
---------------

+----------+------+
| Ref Name | Used |
+----------+------+


11. Instantiated Netlists
-------------------------

+-----------------+------+
|     Ref Name    | Used |
+-----------------+------+
| fifo_async      |    2 |
| vio_spi         |    1 |
| ps_tx_sc_mem_0  |    1 |
| ps_tx_sc_ctl_0  |    1 |
| ps_tx_ps_e_0_0  |    1 |
| ps_tx_img_dma_0 |    1 |
| ifft            |    1 |
| dbg_hub         |    1 |
| clk_gen         |    1 |
+-----------------+------+


