Copyright 1986-2022 Xilinx, Inc. All Rights Reserved. Copyright 2022-2025 Advanced Micro Devices, Inc. All Rights Reserved.
---------------------------------------------------------------------------------------------------------------------------------------------
| Tool Version : Vivado v.2025.2 (win64) Build 6299465 Fri Nov 14 19:35:11 GMT 2025
| Date         : Wed Sep 30 08:42:20 2026
| Host         : DESKTOP-MCAH50K running 64-bit major release  (build 9200)
| Command      : report_utilization -file D:/CodexPrj/DeepJSCC-Q-FPGA/vivado_projects/encoder/reports/blk_enc_0_latent_idx.util.rpt
| Design       : blk_enc_0_latent_idx
| Device       : xczu5eg-sfvc784-1-e
| Speed File   : -1
| Design State : Synthesized
---------------------------------------------------------------------------------------------------------------------------------------------

Utilization Design Information

Table of Contents
-----------------
1. CLB Logic
1.1 Summary of Registers by Type
2. BLOCKRAM
3. ARITHMETIC
4. I/O
5. CLOCK
6. ADVANCED
7. CONFIGURATION
8. Primitives
9. Black Boxes
10. Instantiated Netlists

1. CLB Logic
------------

+----------------------------+-------+-------+------------+-----------+-------+
|          Site Type         |  Used | Fixed | Prohibited | Available | Util% |
+----------------------------+-------+-------+------------+-----------+-------+
| CLB LUTs*                  | 46054 |     0 |          0 |    117120 | 39.32 |
|   LUT as Logic             | 42730 |     0 |          0 |    117120 | 36.48 |
|   LUT as Memory            |  3324 |     0 |          0 |     57600 |  5.77 |
|     LUT as Distributed RAM |  2276 |     0 |            |           |       |
|     LUT as Shift Register  |  1048 |     0 |            |           |       |
| CLB Registers              | 44852 |     0 |          0 |    234240 | 19.15 |
|   Register as Flip Flop    | 44852 |     0 |          0 |    234240 | 19.15 |
|   Register as Latch        |     0 |     0 |          0 |    234240 |  0.00 |
| CARRY8                     |  2777 |     0 |          0 |     14640 | 18.97 |
| F7 Muxes                   |  1348 |     0 |          0 |     58560 |  2.30 |
| F8 Muxes                   |   149 |     0 |          0 |     29280 |  0.51 |
| F9 Muxes                   |     0 |     0 |          0 |     14640 |  0.00 |
| Unique Control Sets        |  1873 |       |          0 |     29280 |  6.40 |
+----------------------------+-------+-------+------------+-----------+-------+
* Warning! The Final LUT count, after physical optimizations and full implementation, is typically lower. Run opt_design after synthesis, if not already completed, for a more realistic count.
Warning! LUT value is adjusted to account for LUT combining.
Warning! For any ECO changes, please run place_design if there are unplaced instances
** Note: Available Control Sets calculated as Slices * 2, Review the Control Sets Report for more information regarding control sets.


1.1 Summary of Registers by Type
--------------------------------

+-------+--------------+-------------+--------------+
| Total | Clock Enable | Synchronous | Asynchronous |
+-------+--------------+-------------+--------------+
| 0     |            _ |           - |            - |
| 0     |            _ |           - |          Set |
| 0     |            _ |           - |        Reset |
| 0     |            _ |         Set |            - |
| 0     |            _ |       Reset |            - |
| 0     |          Yes |           - |            - |
| 713   |          Yes |           - |          Set |
| 22568 |          Yes |           - |        Reset |
| 1335  |          Yes |         Set |            - |
| 20236 |          Yes |       Reset |            - |
+-------+--------------+-------------+--------------+


2. BLOCKRAM
-----------

+-------------------+------+-------+------------+-----------+-------+
|     Site Type     | Used | Fixed | Prohibited | Available | Util% |
+-------------------+------+-------+------------+-----------+-------+
| Block RAM Tile    |  100 |     0 |          0 |       144 | 69.44 |
|   RAMB36/FIFO*    |   66 |     0 |          0 |       144 | 45.83 |
|     RAMB36E2 only |   66 |       |            |           |       |
|   RAMB18          |   68 |     0 |          0 |       288 | 23.61 |
|     RAMB18E2 only |   68 |       |            |           |       |
| URAM              |    4 |     0 |          0 |        64 |  6.25 |
+-------------------+------+-------+------------+-----------+-------+
* Note: Each Block RAM Tile only has one FIFO logic available and therefore can accommodate only one FIFO36E2 or one FIFO18E2. However, if a FIFO18E2 occupies a Block RAM Tile, that tile can still accommodate a RAMB18E2


3. ARITHMETIC
-------------

+----------------+------+-------+------------+-----------+-------+
|    Site Type   | Used | Fixed | Prohibited | Available | Util% |
+----------------+------+-------+------------+-----------+-------+
| DSPs           |  233 |     0 |          0 |      1248 | 18.67 |
|   DSP48E2 only |  233 |       |            |           |       |
+----------------+------+-------+------------+-----------+-------+


4. I/O
------

+------------------+------+-------+------------+-----------+-------+
|     Site Type    | Used | Fixed | Prohibited | Available | Util% |
+------------------+------+-------+------------+-----------+-------+
| Bonded IOB       |    0 |     0 |          0 |       252 |  0.00 |
|   HPIOB_M        |    0 |     0 |          0 |        72 |  0.00 |
|   HPIOB_S        |    0 |     0 |          0 |        72 |  0.00 |
|   HDIOB_M        |    0 |     0 |          0 |        48 |  0.00 |
|   HDIOB_S        |    0 |     0 |          0 |        48 |  0.00 |
|   HPIOB_SNGL     |    0 |     0 |          0 |        12 |  0.00 |
| HPIOBDIFFINBUF   |    0 |     0 |          0 |        96 |  0.00 |
| HPIOBDIFFOUTBUF  |    0 |     0 |          0 |        96 |  0.00 |
| HDIOBDIFFINBUF   |    0 |     0 |          0 |        48 |  0.00 |
| BITSLICE_CONTROL |    0 |     0 |          0 |        32 |  0.00 |
| BITSLICE_RX_TX   |    0 |     0 |          0 |      1248 |  0.00 |
| BITSLICE_TX      |    0 |     0 |          0 |        32 |  0.00 |
| RIU_OR           |    0 |     0 |          0 |        16 |  0.00 |
+------------------+------+-------+------------+-----------+-------+


5. CLOCK
--------

+------------+------+-------+------------+-----------+-------+
|  Site Type | Used | Fixed | Prohibited | Available | Util% |
+------------+------+-------+------------+-----------+-------+
| BUFGCE     |    0 |     0 |          0 |       112 |  0.00 |
| BUFGCE_DIV |    0 |     0 |          0 |        16 |  0.00 |
| BUFG_GT    |    0 |     0 |          0 |        96 |  0.00 |
| BUFG_PS    |    0 |     0 |          0 |        96 |  0.00 |
| BUFGCTRL*  |    0 |     0 |          0 |        32 |  0.00 |
| PLL        |    0 |     0 |          0 |         8 |  0.00 |
| MMCM       |    0 |     0 |          0 |         4 |  0.00 |
+------------+------+-------+------------+-----------+-------+
* Note: Each used BUFGCTRL counts as two GLOBAL CLOCK BUFFERs. This table does not include global clocking resources, only buffer cell usage. See the Clock Utilization Report (report_clock_utilization) for detailed accounting of global clocking resource availability.


6. ADVANCED
-----------

+-----------------+------+-------+------------+-----------+-------+
|    Site Type    | Used | Fixed | Prohibited | Available | Util% |
+-----------------+------+-------+------------+-----------+-------+
| GTHE4_CHANNEL   |    0 |     0 |          0 |         4 |  0.00 |
| GTHE4_COMMON    |    0 |     0 |          0 |         1 |  0.00 |
| OBUFDS_GTE4     |    0 |     0 |          0 |         2 |  0.00 |
| OBUFDS_GTE4_ADV |    0 |     0 |          0 |         2 |  0.00 |
| PCIE40E4        |    0 |     0 |          0 |         2 |  0.00 |
| PS8             |    0 |     0 |          0 |         1 |  0.00 |
| SYSMONE4        |    0 |     0 |          0 |         1 |  0.00 |
+-----------------+------+-------+------------+-----------+-------+


7. CONFIGURATION
----------------

+-------------+------+-------+------------+-----------+-------+
|  Site Type  | Used | Fixed | Prohibited | Available | Util% |
+-------------+------+-------+------------+-----------+-------+
| BSCANE2     |    0 |     0 |          0 |         4 |  0.00 |
| DNA_PORTE2  |    0 |     0 |          0 |         1 |  0.00 |
| EFUSE_USR   |    0 |     0 |          0 |         1 |  0.00 |
| FRAME_ECCE4 |    0 |     0 |          0 |         1 |  0.00 |
| ICAPE3      |    0 |     0 |          0 |         2 |  0.00 |
| MASTER_JTAG |    0 |     0 |          0 |         1 |  0.00 |
| STARTUPE3   |    0 |     0 |          0 |         1 |  0.00 |
+-------------+------+-------+------------+-----------+-------+


8. Primitives
-------------

+----------+-------+---------------------+
| Ref Name |  Used | Functional Category |
+----------+-------+---------------------+
| FDCE     | 22568 |            Register |
| FDRE     | 20236 |            Register |
| LUT6     | 14976 |                 CLB |
| LUT2     | 11511 |                 CLB |
| LUT4     |  8960 |                 CLB |
| LUT3     |  7642 |                 CLB |
| LUT5     |  6866 |                 CLB |
| LUT1     |  3758 |                 CLB |
| RAMD32   |  3476 |                 CLB |
| CARRY8   |  2777 |                 CLB |
| MUXF7    |  1348 |                 CLB |
| FDSE     |  1335 |            Register |
| SRL16E   |  1048 |                 CLB |
| FDPE     |   713 |            Register |
| RAMS32   |   504 |                 CLB |
| RAMD64E  |   280 |                 CLB |
| DSP48E2  |   233 |          Arithmetic |
| MUXF8    |   149 |                 CLB |
| RAMB18E2 |    68 |            BLOCKRAM |
| RAMB36E2 |    66 |            BLOCKRAM |
| URAM288  |     4 |            BLOCKRAM |
+----------+-------+---------------------+


9. Black Boxes
--------------

+----------+------+
| Ref Name | Used |
+----------+------+


10. Instantiated Netlists
-------------------------

+----------+------+
| Ref Name | Used |
+----------+------+


